Java HotSpot(TM) 64-Bit Server VM (25.231-b11) for windows-amd64 JRE (1.8.0_231-b11), built on Oct  5 2019 03:11:30 by "java_re" with MS VC++ 10.0 (VS2010)
Memory: 4k page, physical 16339336k(8574168k free), swap 33116552k(22516420k free)
CommandLine flags: -XX:InitialHeapSize=261429376 -XX:MaxHeapSize=4182870016 -XX:+PrintGC -XX:+PrintGCDateStamps -XX:+PrintGCTimeStamps -XX:+UseCompressedClassPointers -XX:+UseCompressedOops -XX:+UseG1GC -XX:-UseLargePagesIndividualAllocation 
2020-10-28T00:11:28.197+0800: 0.145: [GC pause (G1 Evacuation Pause) (young) 26M->11M(250M), 0.0040009 secs]
2020-10-28T00:11:28.213+0800: 0.160: [GC pause (G1 Evacuation Pause) (young) 42M->24M(250M), 0.0034344 secs]
2020-10-28T00:11:28.237+0800: 0.185: [GC pause (G1 Evacuation Pause) (young) 69M->37M(250M), 0.0035313 secs]
2020-10-28T00:11:28.286+0800: 0.233: [GC pause (G1 Evacuation Pause) (young) 143M->79M(250M), 0.0068908 secs]
2020-10-28T00:11:28.310+0800: 0.258: [GC pause (G1 Humongous Allocation) (young) (initial-mark) 168M->109M(250M), 0.0064117 secs]
2020-10-28T00:11:28.316+0800: 0.264: [GC concurrent-root-region-scan-start]
2020-10-28T00:11:28.316+0800: 0.264: [GC concurrent-root-region-scan-end, 0.0001905 secs]
2020-10-28T00:11:28.316+0800: 0.264: [GC concurrent-mark-start]
2020-10-28T00:11:28.317+0800: 0.265: [GC concurrent-mark-end, 0.0008478 secs]
2020-10-28T00:11:28.317+0800: 0.265: [GC remark, 0.0013379 secs]
2020-10-28T00:11:28.319+0800: 0.267: [GC cleanup 114M->114M(250M), 0.0007506 secs]
2020-10-28T00:11:28.334+0800: 0.282: [GC pause (G1 Evacuation Pause) (young) 194M->133M(253M), 0.0046829 secs]
2020-10-28T00:11:28.339+0800: 0.287: [GC pause (G1 Humongous Allocation) (young) (initial-mark) 135M->133M(506M), 0.0066980 secs]
2020-10-28T00:11:28.345+0800: 0.294: [GC concurrent-root-region-scan-start]
2020-10-28T00:11:28.346+0800: 0.294: [GC concurrent-root-region-scan-end, 0.0001754 secs]
2020-10-28T00:11:28.346+0800: 0.294: [GC concurrent-mark-start]
2020-10-28T00:11:28.346+0800: 0.295: [GC concurrent-mark-end, 0.0007631 secs]
2020-10-28T00:11:28.347+0800: 0.295: [GC remark, 0.0013856 secs]
2020-10-28T00:11:28.349+0800: 0.297: [GC cleanup 137M->137M(506M), 0.0010740 secs]
2020-10-28T00:11:28.444+0800: 0.392: [GC pause (G1 Evacuation Pause) (young) 397M->210M(1022M), 0.0184045 secs]
2020-10-28T00:11:28.565+0800: 0.513: [GC pause (G1 Evacuation Pause) (young) 492M->286M(1616M), 0.0218902 secs]
2020-10-28T00:11:28.975+0800: 0.923: [GC pause (G1 Evacuation Pause) (young) 1436M->478M(2244M), 0.0445383 secs]
