Java HotSpot(TM) 64-Bit Server VM (25.231-b11) for windows-amd64 JRE (1.8.0_231-b11), built on Oct  5 2019 03:11:30 by "java_re" with MS VC++ 10.0 (VS2010)
Memory: 4k page, physical 16339336k(8691952k free), swap 33116552k(22588628k free)
CommandLine flags: -XX:InitialHeapSize=261429376 -XX:MaxHeapSize=4294967296 -XX:MaxNewSize=697933824 -XX:MaxTenuringThreshold=6 -XX:OldPLABSize=16 -XX:+PrintGC -XX:+PrintGCDateStamps -XX:+PrintGCDetails -XX:+PrintGCTimeStamps -XX:+UseCompressedClassPointers -XX:+UseCompressedOops -XX:+UseConcMarkSweepGC -XX:-UseLargePagesIndividualAllocation -XX:+UseParNewGC 
2020-10-27T23:52:51.189+0800: 0.168: [GC (Allocation Failure) 2020-10-27T23:52:51.189+0800: 0.168: [ParNew: 68288K->8511K(76800K), 0.0047832 secs] 68288K->22215K(247488K), 0.0051307 secs] [Times: user=0.00 sys=0.00, real=0.00 secs] 
2020-10-27T23:52:51.217+0800: 0.189: [GC (Allocation Failure) 2020-10-27T23:52:51.217+0800: 0.189: [ParNew: 76799K->8512K(76800K), 0.0063564 secs] 90503K->47051K(247488K), 0.0064592 secs] [Times: user=0.00 sys=0.00, real=0.01 secs] 
2020-10-27T23:52:51.234+0800: 0.206: [GC (Allocation Failure) 2020-10-27T23:52:51.234+0800: 0.206: [ParNew: 76542K->8507K(76800K), 0.0133766 secs] 115082K->72590K(247488K), 0.0134361 secs] [Times: user=0.13 sys=0.00, real=0.01 secs] 
2020-10-27T23:52:51.260+0800: 0.232: [GC (Allocation Failure) 2020-10-27T23:52:51.260+0800: 0.232: [ParNew: 76681K->8512K(76800K), 0.0105036 secs] 140763K->94518K(247488K), 0.0106107 secs] [Times: user=0.02 sys=0.00, real=0.01 secs] 
2020-10-27T23:52:51.272+0800: 0.243: [GC (CMS Initial Mark) [1 CMS-initial-mark: 86006K(170688K)] 96055K(247488K), 0.0006803 secs] [Times: user=0.00 sys=0.00, real=0.00 secs] 
2020-10-27T23:52:51.273+0800: 0.244: [CMS-concurrent-mark-start]
2020-10-27T23:52:51.274+0800: 0.245: [CMS-concurrent-mark: 0.001/0.001 secs] [Times: user=0.00 sys=0.00, real=0.00 secs] 
2020-10-27T23:52:51.274+0800: 0.245: [CMS-concurrent-preclean-start]
2020-10-27T23:52:51.275+0800: 0.246: [CMS-concurrent-preclean: 0.001/0.001 secs] [Times: user=0.00 sys=0.00, real=0.00 secs] 
2020-10-27T23:52:51.275+0800: 0.246: [CMS-concurrent-abortable-preclean-start]
2020-10-27T23:52:51.281+0800: 0.253: [GC (Allocation Failure) 2020-10-27T23:52:51.281+0800: 0.253: [ParNew: 76800K->8507K(76800K), 0.0108266 secs] 162806K->115544K(247488K), 0.0108951 secs] [Times: user=0.00 sys=0.00, real=0.01 secs] 
2020-10-27T23:52:51.293+0800: 0.272: [GC (Allocation Failure) 2020-10-27T23:52:51.293+0800: 0.272: [ParNew: 76657K->8510K(76800K), 0.0106429 secs] 183694K->136499K(247488K), 0.0107523 secs] [Times: user=0.11 sys=0.02, real=0.02 secs] 
2020-10-27T23:52:51.309+0800: 0.293: [GC (Allocation Failure) 2020-10-27T23:52:51.309+0800: 0.293: [ParNew: 76784K->8511K(76800K), 0.0102838 secs] 204773K->157731K(247488K), 0.0103290 secs] [Times: user=0.09 sys=0.03, real=0.01 secs] 
2020-10-27T23:52:51.340+0800: 0.313: [GC (Allocation Failure) 2020-10-27T23:52:51.340+0800: 0.313: [ParNew: 76732K->8511K(76800K), 0.0112714 secs] 225952K->181050K(249984K), 0.0113382 secs] [Times: user=0.00 sys=0.00, real=0.00 secs] 
2020-10-27T23:52:51.355+0800: 0.334: [GC (Allocation Failure) 2020-10-27T23:52:51.355+0800: 0.334: [ParNew: 76799K->8509K(76800K), 0.0112653 secs] 249338K->203567K(272560K), 0.0113238 secs] [Times: user=0.11 sys=0.01, real=0.02 secs] 
2020-10-27T23:52:51.371+0800: 0.355: [GC (Allocation Failure) 2020-10-27T23:52:51.371+0800: 0.355: [ParNew: 76477K->8509K(76800K), 0.0098376 secs] 271535K->223730K(292712K), 0.0098963 secs] [Times: user=0.11 sys=0.02, real=0.02 secs] 
2020-10-27T23:52:51.402+0800: 0.374: [GC (Allocation Failure) 2020-10-27T23:52:51.402+0800: 0.374: [ParNew: 76797K->8511K(76800K), 0.0116699 secs] 292018K->247627K(316616K), 0.0117310 secs] [Times: user=0.00 sys=0.00, real=0.00 secs] 
2020-10-27T23:52:51.418+0800: 0.396: [GC (Allocation Failure) 2020-10-27T23:52:51.418+0800: 0.396: [ParNew: 76777K->8510K(76800K), 0.0112321 secs] 315893K->270240K(339224K), 0.0113072 secs] [Times: user=0.08 sys=0.05, real=0.02 secs] 
2020-10-27T23:52:51.433+0800: 0.415: [GC (Allocation Failure) 2020-10-27T23:52:51.433+0800: 0.415: [ParNew: 76462K->8511K(76800K), 0.0128847 secs] 338192K->296379K(365404K), 0.0130082 secs] [Times: user=0.13 sys=0.00, real=0.02 secs] 
2020-10-27T23:52:51.465+0800: 0.437: [GC (Allocation Failure) 2020-10-27T23:52:51.465+0800: 0.437: [ParNew: 76799K->8506K(76800K), 0.0117017 secs] 364667K->320064K(389132K), 0.0117777 secs] [Times: user=0.00 sys=0.00, real=0.00 secs] 
2020-10-27T23:52:51.480+0800: 0.458: [GC (Allocation Failure) 2020-10-27T23:52:51.480+0800: 0.458: [ParNew: 76794K->8508K(76800K), 0.0130744 secs] 388352K->347179K(416192K), 0.0131452 secs] [Times: user=0.11 sys=0.02, real=0.02 secs] 
2020-10-27T23:52:51.496+0800: 0.481: [GC (Allocation Failure) 2020-10-27T23:52:51.496+0800: 0.481: [ParNew: 76724K->8510K(76800K), 0.0118171 secs] 415395K->371345K(440368K), 0.0118679 secs] [Times: user=0.11 sys=0.01, real=0.02 secs] 
2020-10-27T23:52:51.527+0800: 0.502: [GC (Allocation Failure) 2020-10-27T23:52:51.527+0800: 0.502: [ParNew: 76798K->8509K(76800K), 0.0103340 secs] 439633K->392352K(461352K), 0.0104036 secs] [Times: user=0.00 sys=0.00, real=0.00 secs] 
2020-10-27T23:52:51.543+0800: 0.521: [GC (Allocation Failure) 2020-10-27T23:52:51.543+0800: 0.521: [ParNew: 76797K->8510K(76800K), 0.0106952 secs] 460640K->413641K(482716K), 0.0107582 secs] [Times: user=0.11 sys=0.02, real=0.02 secs] 
2020-10-27T23:52:51.558+0800: 0.541: [GC (Allocation Failure) 2020-10-27T23:52:51.558+0800: 0.541: [ParNew: 76491K->8511K(76800K), 0.0083301 secs] 481622K->430301K(499276K), 0.0083862 secs] [Times: user=0.13 sys=0.00, real=0.02 secs] 
2020-10-27T23:52:51.574+0800: 0.558: [GC (Allocation Failure) 2020-10-27T23:52:51.574+0800: 0.558: [ParNew: 76799K->8508K(76800K), 0.0119787 secs] 498589K->453158K(522244K), 0.0120334 secs] [Times: user=0.11 sys=0.01, real=0.02 secs] 
2020-10-27T23:52:51.606+0800: 0.579: [GC (Allocation Failure) 2020-10-27T23:52:51.606+0800: 0.579: [ParNew: 76796K->8511K(76800K), 0.0143422 secs] 521446K->479427K(548560K), 0.0143992 secs] [Times: user=0.00 sys=0.00, real=0.00 secs] 
2020-10-27T23:52:51.622+0800: 0.604: [GC (Allocation Failure) 2020-10-27T23:52:51.622+0800: 0.604: [ParNew: 76799K->8508K(76800K), 0.0117390 secs] 547715K->502591K(571752K), 0.0118092 secs] [Times: user=0.11 sys=0.02, real=0.02 secs] 
2020-10-27T23:52:51.653+0800: 0.626: [GC (Allocation Failure) 2020-10-27T23:52:51.653+0800: 0.626: [ParNew: 76796K->8509K(76800K), 0.0103552 secs] 570879K->522756K(591808K), 0.0104363 secs] [Times: user=0.00 sys=0.00, real=0.00 secs] 
2020-10-27T23:52:51.669+0800: 0.646: [GC (Allocation Failure) 2020-10-27T23:52:51.669+0800: 0.646: [ParNew: 76797K->8510K(76800K), 0.0104098 secs] 591044K->543759K(612916K), 0.0104768 secs] [Times: user=0.11 sys=0.02, real=0.02 secs] 
2020-10-27T23:52:51.685+0800: 0.665: [GC (Allocation Failure) 2020-10-27T23:52:51.685+0800: 0.665: [ParNew: 76589K->8511K(76800K), 0.0122761 secs] 611838K->568405K(637600K), 0.0123657 secs] [Times: user=0.11 sys=0.02, real=0.02 secs] 
2020-10-27T23:52:51.700+0800: 0.687: [GC (Allocation Failure) 2020-10-27T23:52:51.700+0800: 0.687: [ParNew: 76799K->8505K(76800K), 0.0122726 secs] 636693K->592488K(661548K), 0.0123247 secs] [Times: user=0.13 sys=0.00, real=0.02 secs] 
2020-10-27T23:52:51.731+0800: 0.709: [GC (Allocation Failure) 2020-10-27T23:52:51.731+0800: 0.709: [ParNew: 76777K->8509K(76800K), 0.0114801 secs] 660760K->615812K(685032K), 0.0115484 secs] [Times: user=0.11 sys=0.02, real=0.02 secs] 
2020-10-27T23:52:51.747+0800: 0.729: [GC (Allocation Failure) 2020-10-27T23:52:51.747+0800: 0.729: [ParNew: 76272K->8511K(76800K), 0.0121671 secs] 683575K->639834K(708896K), 0.0122298 secs] [Times: user=0.13 sys=0.00, real=0.02 secs] 
2020-10-27T23:52:51.778+0800: 0.751: [GC (Allocation Failure) 2020-10-27T23:52:51.778+0800: 0.751: [ParNew: 76799K->8511K(76800K), 0.0107091 secs] 708122K->661582K(730812K), 0.0107851 secs] [Times: user=0.00 sys=0.00, real=0.00 secs] 
2020-10-27T23:52:51.794+0800: 0.772: [GC (Allocation Failure) 2020-10-27T23:52:51.794+0800: 0.772: [ParNew: 76799K->8508K(76800K), 0.0116951 secs] 729870K->685379K(754528K), 0.0118236 secs] [Times: user=0.13 sys=0.00, real=0.02 secs] 
2020-10-27T23:52:51.810+0800: 0.792: [GC (Allocation Failure) 2020-10-27T23:52:51.810+0800: 0.792: [ParNew: 76796K->8510K(76800K), 0.0127034 secs] 753667K->710496K(779608K), 0.0127687 secs] [Times: user=0.13 sys=0.00, real=0.02 secs] 
2020-10-27T23:52:51.841+0800: 0.813: [GC (Allocation Failure) 2020-10-27T23:52:51.841+0800: 0.813: [ParNew: 76798K->8507K(76800K), 0.0107316 secs] 778784K->731081K(800300K), 0.0107868 secs] [Times: user=0.00 sys=0.00, real=0.00 secs] 
2020-10-27T23:52:51.856+0800: 0.833: [GC (Allocation Failure) 2020-10-27T23:52:51.856+0800: 0.833: [ParNew: 76777K->8507K(76800K), 0.0119742 secs] 799351K->754967K(824192K), 0.0120354 secs] [Times: user=0.11 sys=0.02, real=0.02 secs] 
2020-10-27T23:52:51.872+0800: 0.855: [GC (Allocation Failure) 2020-10-27T23:52:51.872+0800: 0.855: [ParNew: 76795K->8506K(76800K), 0.0096617 secs] 823255K->773537K(842792K), 0.0097218 secs] [Times: user=0.13 sys=0.00, real=0.02 secs] 
2020-10-27T23:52:51.888+0800: 0.873: [GC (Allocation Failure) 2020-10-27T23:52:51.888+0800: 0.873: [ParNew: 76768K->8511K(76800K), 0.0125022 secs] 841799K->797959K(867160K), 0.0125527 secs] [Times: user=0.09 sys=0.03, real=0.02 secs] 
2020-10-27T23:52:51.919+0800: 0.894: [GC (Allocation Failure) 2020-10-27T23:52:51.919+0800: 0.894: [ParNew: 76553K->8511K(76800K), 0.0094009 secs] 866000K->815536K(884772K), 0.0094758 secs] [Times: user=0.00 sys=0.00, real=0.00 secs] 
2020-10-27T23:52:51.935+0800: 0.913: [GC (Allocation Failure) 2020-10-27T23:52:51.935+0800: 0.913: [ParNew: 76799K->8509K(76800K), 0.0102791 secs] 883824K->835286K(904444K), 0.0103466 secs] [Times: user=0.13 sys=0.00, real=0.02 secs] 
2020-10-27T23:52:51.950+0800: 0.932: [GC (Allocation Failure) 2020-10-27T23:52:51.950+0800: 0.932: [ParNew: 76797K->8497K(76800K), 0.0129769 secs] 903574K->860824K(930124K), 0.0130275 secs] [Times: user=0.09 sys=0.03, real=0.02 secs] 
2020-10-27T23:52:51.981+0800: 0.953: [GC (Allocation Failure) 2020-10-27T23:52:51.981+0800: 0.953: [ParNew: 76744K->8510K(76800K), 0.0124666 secs] 929071K->885559K(954816K), 0.0125370 secs] [Times: user=0.00 sys=0.00, real=0.00 secs] 
2020-10-27T23:52:51.997+0800: 0.975: [GC (Allocation Failure) 2020-10-27T23:52:51.997+0800: 0.975: [ParNew: 76798K->8510K(76800K), 0.0130927 secs] 953847K->910900K(980132K), 0.0131512 secs] [Times: user=0.13 sys=0.00, real=0.02 secs] 
2020-10-27T23:52:52.013+0800: 0.997: [GC (Allocation Failure) 2020-10-27T23:52:52.013+0800: 0.997: [ParNew: 76784K->8510K(76800K), 0.0124600 secs] 979175K->935626K(1004848K), 0.0125341 secs] [Times: user=0.13 sys=0.00, real=0.02 secs] 
2020-10-27T23:52:52.044+0800: 1.019: [GC (Allocation Failure) 2020-10-27T23:52:52.044+0800: 1.019: [ParNew: 76798K->8508K(76800K), 0.0101316 secs] 1003914K->954975K(1024356K), 0.0101862 secs] [Times: user=0.00 sys=0.00, real=0.00 secs] 
2020-10-27T23:52:52.060+0800: 1.038: [GC (Allocation Failure) 2020-10-27T23:52:52.060+0800: 1.038: [ParNew: 76796K->8510K(76800K), 0.0143416 secs] 1023263K->983187K(1052516K), 0.0144136 secs] [Times: user=0.11 sys=0.02, real=0.02 secs] 
2020-10-27T23:52:52.075+0800: 1.061: [GC (Allocation Failure) 2020-10-27T23:52:52.075+0800: 1.061: [ParNew: 76316K->8509K(76800K), 0.0123867 secs] 1050993K->1006404K(1075684K), 0.0124530 secs] [Times: user=0.11 sys=0.02, real=0.02 secs] 
2020-10-27T23:52:52.106+0800: 1.082: [GC (Allocation Failure) 2020-10-27T23:52:52.106+0800: 1.082: [ParNew: 76750K->8510K(76800K), 0.0118586 secs] 1074645K->1029797K(1099016K), 0.0119362 secs] [Times: user=0.09 sys=0.03, real=0.02 secs] 
2020-10-27T23:52:52.122+0800: 1.103: [GC (Allocation Failure) 2020-10-27T23:52:52.122+0800: 1.103: [ParNew: 76603K->8501K(76800K), 0.0117943 secs] 1097889K->1050719K(1119952K), 0.0118548 secs] [Times: user=0.11 sys=0.01, real=0.02 secs] 
2020-10-27T23:52:52.138+0800: 1.124: [GC (Allocation Failure) 2020-10-27T23:52:52.138+0800: 1.124: [ParNew: 76759K->8508K(76800K), 0.0125222 secs] 1118976K->1071516K(1140820K), 0.0125758 secs] [Times: user=0.13 sys=0.00, real=0.02 secs] 
Heap
 par new generation   total 76800K, used 11375K [0x00000006c0000000, 0x00000006c5350000, 0x00000006e9990000)
  eden space 68288K,   4% used [0x00000006c0000000, 0x00000006c02ccca0, 0x00000006c42b0000)
  from space 8512K,  99% used [0x00000006c4b00000, 0x00000006c534f1f8, 0x00000006c5350000)
  to   space 8512K,   0% used [0x00000006c42b0000, 0x00000006c42b0000, 0x00000006c4b00000)
 concurrent mark-sweep generation total 1064020K, used 1063008K [0x00000006e9990000, 0x000000072a8a5000, 0x00000007c0000000)
 Metaspace       used 2709K, capacity 4486K, committed 4864K, reserved 1056768K
  class space    used 291K, capacity 386K, committed 512K, reserved 1048576K
