Java HotSpot(TM) 64-Bit Server VM (25.231-b11) for windows-amd64 JRE (1.8.0_231-b11), built on Oct  5 2019 03:11:30 by "java_re" with MS VC++ 10.0 (VS2010)
Memory: 4k page, physical 16339336k(8983128k free), swap 33116552k(22749984k free)
CommandLine flags: -XX:InitialHeapSize=261429376 -XX:MaxHeapSize=4294967296 -XX:+PrintGC -XX:+PrintGCDateStamps -XX:+PrintGCDetails -XX:+PrintGCTimeStamps -XX:+UseCompressedClassPointers -XX:+UseCompressedOops -XX:-UseLargePagesIndividualAllocation -XX:+UseSerialGC 
2020-10-27T23:46:59.906+0800: 0.160: [GC (Allocation Failure) 2020-10-27T23:46:59.906+0800: 0.160: [DefNew: 68189K->8511K(76800K), 0.0107021 secs] 68189K->26191K(247488K), 0.0108533 secs] [Times: user=0.01 sys=0.00, real=0.02 secs] 
2020-10-27T23:46:59.937+0800: 0.188: [GC (Allocation Failure) 2020-10-27T23:46:59.937+0800: 0.188: [DefNew: 76606K->8507K(76800K), 0.0177153 secs] 94286K->51059K(247488K), 0.0177977 secs] [Times: user=0.01 sys=0.00, real=0.02 secs] 
2020-10-27T23:46:59.969+0800: 0.218: [GC (Allocation Failure) 2020-10-27T23:46:59.969+0800: 0.218: [DefNew: 76778K->8509K(76800K), 0.0105234 secs] 119329K->70650K(247488K), 0.0106228 secs] [Times: user=0.00 sys=0.00, real=0.01 secs] 
2020-10-27T23:46:59.992+0800: 0.241: [GC (Allocation Failure) 2020-10-27T23:46:59.992+0800: 0.241: [DefNew: 76542K->8505K(76800K), 0.0111684 secs] 138683K->94140K(247488K), 0.0112322 secs] [Times: user=0.02 sys=0.00, real=0.01 secs] 
2020-10-27T23:47:00.014+0800: 0.263: [GC (Allocation Failure) 2020-10-27T23:47:00.014+0800: 0.263: [DefNew: 76255K->8507K(76800K), 0.0110094 secs] 161890K->115988K(247488K), 0.0110635 secs] [Times: user=0.00 sys=0.00, real=0.01 secs] 
2020-10-27T23:47:00.035+0800: 0.284: [GC (Allocation Failure) 2020-10-27T23:47:00.035+0800: 0.284: [DefNew: 76795K->8508K(76800K), 0.0106790 secs] 184276K->142952K(247488K), 0.0107215 secs] [Times: user=0.00 sys=0.00, real=0.00 secs] 
2020-10-27T23:47:00.040+0800: 0.304: [GC (Allocation Failure) 2020-10-27T23:47:00.040+0800: 0.304: [DefNew: 76796K->8505K(76800K), 0.0105324 secs] 211240K->164374K(247488K), 0.0105733 secs] [Times: user=0.00 sys=0.01, real=0.02 secs] 
2020-10-27T23:47:00.071+0800: 0.324: [GC (Allocation Failure) 2020-10-27T23:47:00.071+0800: 0.324: [DefNew: 76322K->8504K(76800K), 0.0092154 secs]2020-10-27T23:47:00.071+0800: 0.333: [Tenured: 177860K->164210K(177988K), 0.0206070 secs] 232192K->164210K(254788K), [Metaspace: 2703K->2703K(1056768K)], 0.0302668 secs] [Times: user=0.03 sys=0.00, real=0.03 secs] 
2020-10-27T23:47:00.118+0800: 0.374: [GC (Allocation Failure) 2020-10-27T23:47:00.118+0800: 0.374: [DefNew: 109632K->13631K(123264K), 0.0140849 secs] 273842K->206784K(396948K), 0.0141443 secs] [Times: user=0.02 sys=0.00, real=0.02 secs] 
2020-10-27T23:47:00.150+0800: 0.403: [GC (Allocation Failure) 2020-10-27T23:47:00.150+0800: 0.403: [DefNew: 122991K->13629K(123264K), 0.0189974 secs] 316144K->243269K(396948K), 0.0190474 secs] [Times: user=0.00 sys=0.02, real=0.02 secs] 
2020-10-27T23:47:00.181+0800: 0.436: [GC (Allocation Failure) 2020-10-27T23:47:00.181+0800: 0.436: [DefNew: 123261K->13629K(123264K), 0.0180036 secs] 352901K->284374K(396948K), 0.0180584 secs] [Times: user=0.00 sys=0.01, real=0.02 secs] 
2020-10-27T23:47:00.213+0800: 0.469: [GC (Allocation Failure) 2020-10-27T23:47:00.213+0800: 0.469: [DefNew: 123261K->13631K(123264K), 0.0169624 secs]2020-10-27T23:47:00.228+0800: 0.486: [Tenured: 307202K->253459K(307272K), 0.0317417 secs] 394006K->253459K(430536K), [Metaspace: 2703K->2703K(1056768K)], 0.0492656 secs] [Times: user=0.05 sys=0.00, real=0.05 secs] 
2020-10-27T23:47:00.291+0800: 0.550: [GC (Allocation Failure) 2020-10-27T23:47:00.291+0800: 0.550: [DefNew: 169024K->21119K(190144K), 0.0157276 secs] 422483K->305244K(612580K), 0.0157809 secs] [Times: user=0.00 sys=0.02, real=0.02 secs] 
2020-10-27T23:47:00.338+0800: 0.593: [GC (Allocation Failure) 2020-10-27T23:47:00.338+0800: 0.593: [DefNew: 190143K->21119K(190144K), 0.0231904 secs] 474268K->358578K(612580K), 0.0232530 secs] [Times: user=0.02 sys=0.00, real=0.01 secs] 
2020-10-27T23:47:00.385+0800: 0.643: [GC (Allocation Failure) 2020-10-27T23:47:00.385+0800: 0.644: [DefNew: 190143K->21119K(190144K), 0.0332337 secs] 527602K->408774K(612580K), 0.0333793 secs] [Times: user=0.00 sys=0.03, real=0.03 secs] 
2020-10-27T23:47:00.447+0800: 0.703: [GC (Allocation Failure) 2020-10-27T23:47:00.447+0800: 0.703: [DefNew: 190143K->21117K(190144K), 0.0245695 secs]2020-10-27T23:47:00.463+0800: 0.727: [Tenured: 435284K->323562K(435452K), 0.0412750 secs] 577798K->323562K(625596K), [Metaspace: 2703K->2703K(1056768K)], 0.0663286 secs] [Times: user=0.06 sys=0.00, real=0.06 secs] 
2020-10-27T23:47:00.541+0800: 0.797: [GC (Allocation Failure) 2020-10-27T23:47:00.541+0800: 0.797: [DefNew: 215808K->26943K(242752K), 0.0167633 secs] 539370K->391403K(782024K), 0.0168166 secs] [Times: user=0.00 sys=0.02, real=0.02 secs] 
2020-10-27T23:47:00.588+0800: 0.841: [GC (Allocation Failure) 2020-10-27T23:47:00.588+0800: 0.841: [DefNew: 242751K->26943K(242752K), 0.0198421 secs] 607211K->455664K(782024K), 0.0199020 secs] [Times: user=0.02 sys=0.00, real=0.01 secs] 
2020-10-27T23:47:00.634+0800: 0.888: [GC (Allocation Failure) 2020-10-27T23:47:00.634+0800: 0.888: [DefNew: 242751K->26942K(242752K), 0.0264630 secs] 671472K->519476K(782024K), 0.0265465 secs] [Times: user=0.02 sys=0.01, real=0.03 secs] 
2020-10-27T23:47:00.681+0800: 0.943: [GC (Allocation Failure) 2020-10-27T23:47:00.681+0800: 0.943: [DefNew: 242750K->26944K(242752K), 0.0306223 secs]2020-10-27T23:47:00.713+0800: 0.973: [Tenured: 557710K->350017K(557764K), 0.0485732 secs] 735284K->350017K(800516K), [Metaspace: 2703K->2703K(1056768K)], 0.0794158 secs] [Times: user=0.08 sys=0.00, real=0.08 secs] 
2020-10-27T23:47:00.791+0800: 1.051: [GC (Allocation Failure) 2020-10-27T23:47:00.791+0800: 1.051: [DefNew: 233472K->29119K(262592K), 0.0238839 secs] 583489K->416896K(845956K), 0.0239657 secs] [Times: user=0.03 sys=0.00, real=0.03 secs] 
Heap
 def new generation   total 262592K, used 258338K [0x00000006c0000000, 0x00000006d1ce0000, 0x0000000715550000)
  eden space 233472K,  98% used [0x00000006c0000000, 0x00000006cdfd89f0, 0x00000006ce400000)
  from space 29120K,  99% used [0x00000006d0070000, 0x00000006d1cdfe58, 0x00000006d1ce0000)
  to   space 29120K,   0% used [0x00000006ce400000, 0x00000006ce400000, 0x00000006d0070000)
 tenured generation   total 583364K, used 387777K [0x0000000715550000, 0x0000000738f01000, 0x00000007c0000000)
   the space 583364K,  66% used [0x0000000715550000, 0x000000072d000510, 0x000000072d000600, 0x0000000738f01000)
 Metaspace       used 2709K, capacity 4486K, committed 4864K, reserved 1056768K
  class space    used 291K, capacity 386K, committed 512K, reserved 1048576K
